; DOOM 2D Atari map
; Saved by mapedit.py
;sky=D2DSKY1
q..................q............................................
q..................q............................................
q.......qqqqqqqqqqqq............................................
q.......q..........q............................................
q.......q..........q............................................
q.......q..........q............................................
q.......D.W...4.K..q............................................
q......ooooUoooooooq............................................
q.....o....U.......q............................................
qM@.7o.Z...{...I.Z.q............................................
oooooooooooooooooooo............................................
................................................................
................................................................
................................................................
................................................................
................................................................
................................................................
................................................................
................................................................
................................................................
................................................................
................................................................
................................................................
................................................................
................................................................
................................................................
................................................................
................................................................
................................................................
................................................................
................................................................
................................................................
