; DOOM 2D Atari map
; Saved by mapedit.py
;sky=D2DSKY1
................................................................
................................................................
................................................................
................................................................
................................................................
................................................................
................................................................
................................................................
................................................................
qr@7R.Q!.Q......!!!.............................................
oooooooooooooooooooo............................................
................................................................
................................................................
................................................................
................................................................
................................................................
................................................................
................................................................
................................................................
................................................................
................................................................
................................................................
................................................................
................................................................
................................................................
................................................................
................................................................
................................................................
................................................................
................................................................
................................................................
................................................................
