; DOOM 2D Atari map
; Saved by mapedit.py
;sky=D2DSKY1
--------------------............................................
-..................-............................................
-..................-............................................
-..................-............................................
-..................-............................................
-........qqqqqqqqqq-............................................
-........q.........-............................................
q........DZZZZZ5.!.q............................................
q......o-----------q............................................
q.....o...q.q.q.q..q............................................
qeu@.o21a.}4{6|.D3Kq............................................
oooooooooooooooooooo............................................
................................................................
................................................................
................................................................
................................................................
................................................................
................................................................
................................................................
................................................................
................................................................
................................................................
................................................................
................................................................
................................................................
................................................................
................................................................
................................................................
................................................................
................................................................
................................................................
................................................................
