; DOOM 2D Atari map
; Saved by mapedit.py
;sky=D2DSKY1
q...............................................................
q...............................................................
q...............................................................
q...............................................................
q...............................................................
q...............................................................
q...............................................................
qqP...........qqqqqq............................................
qqP...........D4.Z..............................................
q.............qqqqqq............................................
q@uR........o.{6|5}q............................................
oooooooooooooooooooo............................................
................................................................
................................................................
................................................................
................................................................
................................................................
................................................................
................................................................
................................................................
................................................................
................................................................
................................................................
................................................................
................................................................
................................................................
................................................................
................................................................
................................................................
................................................................
................................................................
................................................................
