; DOOM 2D Atari map
; Saved by mapedit.py
;sky=D2DSKY1
;SWITCH 8,10 -> 3,10 door
;SWITCH 14,10 -> 19,10 wall
................................
................................
................................
................................
................................
................................
................................
................................
................................
................................
.@.D....$...D.$....Z............
oooooooooooooooooooo............
................................
................................
................................
................................
................................
................................
................................
................................
................................
................................
................................
................................
................................
................................
................................
................................
................................
................................
................................
................................
