; DOOM 2D Atari map
; Saved by mapedit.py
;sky=DFSKY0
;SWITCH 29,9 -> 15,9 door
qqqqqqqqqqqqqqqqqqqqqqqqqqqqqqqqqqqqqqqqqqqqqqqqqqqqqqqqqqqqqqqq
q..............................................................q
q..............................................................q
q..............................................................q
q..............................................................q
q..............................................................q
q..............................................................q
q..............................................................q
q..............................................................q
q..@.......u...D............Z$....Z.Z..........................q
-..o......ooooooooooooooooooooooooooooooooooooooooooooooooooooo-
-..............................................................-
-..............................................................-
-..............................................................-
-..............................................................-
-..............................................................-
-..............................................................-
-..............................................................-
-..............................................................-
-..............................................................-
-..............................................................-
-..............................................................-
-..............................................................-
-.............u.......z........................................-
-............oooooooooooooo....................................-
-...........o..................................................-
-..........o...................................................-
-.........o....................................................-
-........o.....................................................-
-.......o......................................................-
-......o.......................................................-
-ooooooooooooooooooooooooooooooooooooooooooooooooooooooooooooooo
