; DOOM 2D Atari map
; Saved by mapedit.py
;sky=D2DSKY1
;SWITCH 7,10 -> 15,10 door
;SWITCH 12,10 -> 14,8 wall
;HIDDEN 14,8 T
................................
................................
................................
................................
................................
................................
................................
................................
..............Z.................
..............T.................
21D..@..$A465h..7...............
qqqqqqqqqqqqqqqqqqqq............
................................
................................
................................
................................
................................
................................
................................
................................
................................
................................
................................
................................
................................
................................
................................
................................
................................
................................
................................
................................
