; DOOM 2D Atari map
; Saved by mapedit.py
;sky=D2DSKY1
................................................................
................................................................
................................................................
................................................................
q..................q............................................
q..................q............................................
q...............WZZq............................................
q..........ooooooooq............................................
q.........o........q............................................
q........o.........q............................................
q.HrrQ@uoR.....Z.I.q............................................
ffffffffffffffffffff............................................
................................................................
................................................................
................................................................
................................................................
................................................................
................................................................
................................................................
................................................................
................................................................
................................................................
................................................................
................................................................
................................................................
................................................................
................................................................
................................................................
................................................................
................................................................
................................................................
................................................................
