; DOOM 2D Atari map
; Saved by mapedit.py
................................................................
................................................................
................................................................
................................................................
................................................................
................................................................
............EEE.................................................
G-----====EEEEEOObb.............................................
G-----====EEEEEOObb.............................................
GO----====EEEEEOO...............................................
GP----====EEEEEOO...............................................
YYYYYYYYYYYYYYYYY@YY............................................
................................................................
................................................................
................................................................
................................................................
................................................................
................................................................
................................................................
................................................................
................................................................
................................................................
................................................................
................................................................
................................................................
................................................................
................................................................
................................................................
................................................................
................................................................
................................................................
................................................................
