; DOOM 2D Atari map
; Saved by mapedit.py
;sky=D2DSKY1
................................................................
................................................................
................................................................
................................................................
................................................................
................................................................
................................................................
................................................................
................................................................
..gggggggggg....................................................
@o..4.}8..9.....................................................
qqqqqqqqqqqqqqqqqqqq............................................
................................................................
................................................................
................................................................
................................................................
................................................................
................................................................
................................................................
................................................................
................................................................
................................................................
................................................................
................................................................
................................................................
................................................................
................................................................
................................................................
................................................................
................................................................
................................................................
................................................................
