; DOOM 2D Atari map
; Saved by mapedit.py
;sky=D2DSKY1
................................................................
................................................................
................................................................
................................................................
................................................................
................................................................
................................................................
................................................................
.......ooooooooooooo............................................
......o.........................................................
4A@RHo.C.QP..7.....q............................................
ffffffffffffffffffff............................................
................................................................
................................................................
................................................................
................................................................
................................................................
................................................................
................................................................
................................................................
................................................................
................................................................
................................................................
................................................................
................................................................
................................................................
................................................................
................................................................
................................................................
................................................................
................................................................
................................................................
