; DOOM 2D Atari map
; Saved by mapedit.py
T~~~~~~~~~~~~~~~~~~T############################################
T~~~~~~~~~~~~~~~~~~T############################################
TbbbbbbbbbbbbbbbbbbT############################################
TbbbbbbbbbbIbbbIbbbT############################################
TbbbbbbboooooooooooT############################################
TbbbbbbobbbbbbbbbbbT############################################
TbbbbbobbbbbbbbbbbbT############################################
TbbbbobbbbbbbbbbbtbT############################################
TbbbobbbbbbbfbfffffT############################################
TbbobbbbbbbfbbbbbbbT############################################
Tb@bbb465Rbbbb!bbbWT###########################################.
oooooooooooooooooooo###########################################.
################################################################
################################################################
################################################################
################################################################
################################################################
################################################################
################################################################
################################################################
################################################################
################################################################
################################################################
################################################################
################################################################
################################################################
################################################################
################################################################
################################################################
################################################################
################################################################
################################################################
