; DOOM 2D Atari map
; Saved by mapedit.py
T~~~~~~~~~~~~~~~~~~T############################################
TbbbbbbbbbbbbbbbbbbT############################################
TbbbbbbbbbbbbbbbbbbT############################################
TbbbbbbbbbbbbbbbbbbT############################################
TbbbbbbbbbbbbbbbbbbT############################################
TbbbbbbbbbbbbbbbbbbT############################################
ToooobbbbbbbbbbbbbbT############################################
TbbbbbpbbbbbbbbbbbbT############################################
TbbbbbbpbbbbbbbbbbbT############################################
TbbbbbbbbbbbbbbbbbbT############################################
T@bbbrIbRbb1bb!bbbbT############################################
oooooooooooooooooooooooooooooooooooooooooooooooooooooooooooooooo
################################################################
################################################################
################################################################
################################################################
################################################################
################################################################
################################################################
################################################################
################################################################
################################################################
################################################################
################################################################
################################################################
################################################################
################################################################
################################################################
################################################################
################################################################
################################################################
################################################################
