; DOOM 2D Atari map
; Saved by mapedit.py
;sky=D2DSKY1
qJJJJJJJJJJJJJJJJJJJ............................................
q..................q............................................
q..................q............................................
q..................q............................................
q..................q............................................
q..................q............................................
q..................q............................................
q..................q............................................
qYYYYYY............q............................................
q..................q............................................
qQ7.@88............q............................................
oooooooooooooooooooo............................................
................................................................
................................................................
................................................................
................................................................
................................................................
................................................................
................................................................
................................................................
................................................................
................................................................
................................................................
................................................................
................................................................
................................................................
................................................................
................................................................
................................................................
................................................................
................................................................
................................................................
