; DOOM 2D Atari map
; Saved by mapedit.py
;sky=DFSKY0
G..................G............................................
G.........f........q............................................
G........f.........q............................................
G.......f..........q............................................
G.....Rf...........q............................................
G.....f............q............................................
G....f.............q............................................
G...f..............q............................................
G..f...............q............................................
G.f.............I..q............................................
G@.fr7.....!!!!!!!Wq............................................
oooooooooooooooooooo............................................
................................................................
................................................................
................................................................
................................................................
................................................................
................................................................
................................................................
................................................................
................................................................
................................................................
................................................................
................................................................
................................................................
................................................................
................................................................
................................................................
................................................................
................................................................
................................................................
................................................................
